
> vite_react_shadcn_ts@0.0.0 test
> vitest run


[1m[46m RUN [49m[22m [36mv3.2.4 [39m[90mC:/Users/midun/Desktop/maiyom-missions-main[39m

 [32mΓ£ô[39m src/test/example.test.ts [2m([22m[2m1 test[22m[2m)[22m[32m 3[2mms[22m[39m
node.exe : [90mstderr[2m | src/components/PageShell.test.tsx[2m > 
[22m[2mPageShell[2m > [22m[2mrenders children correctly
At line:1 char:1
+ & "C:\Program Files\nodejs/node.exe" "C:\Program Files\nodejs/node_mo 
...
+ ~~~~~~~~~~~~~~~~~~~~~~~~~~~~~~~~~~~~~~~~~~~~~~~~~~~~~~~~~~~~~~~~~~~~~
    + CategoryInfo          : NotSpecified: ([90mstderr[2m...ldren cor 
   rectly:String) [], RemoteException
    + FullyQualifiedErrorId : NativeCommandError
 
[22m[39mΓÜá∩╕Å React Router Future Flag Warning: React Router will 
begin wrapping state updates in `React.startTransition` in v7. You can 
use the `v7_startTransition` future flag to opt-in early. For more 
information, see 
https://reactrouter.com/v6/upgrading/future#v7_starttransition.
ΓÜá∩╕Å React Router Future Flag Warning: Relative route resolution 
within Splat routes is changing in v7. You can use the 
`v7_relativeSplatPath` future flag to opt-in early. For more 
information, see 
https://reactrouter.com/v6/upgrading/future#v7_relativesplatpath.

 [32mΓ£ô[39m src/components/PageShell.test.tsx [2m([22m[2m4 tests[22m[2m)[22m[32m 105[2mms[22m[39m
[90mstderr[2m | src/test/RoleSwitcherLocation.test.tsx[2m > 
[22m[2mRoleSwitcher Location[2m > [22m[2mshould be present on 
Profile page
[22m[39mError: Uncaught [Error: [vitest] No "mockOffers" export is 
defined on the "@/lib/mockData" mock. Did you forget to return it from 
"vi.mock"?
If you need to partially mock a module, you can use "importOriginal" 
helper inside:
]
    at reportException (C:\Users\midun\Desktop\maiyom-missions-main\node_
modules\jsdom\lib\jsdom\living\helpers\runtime-script-errors.js:66:24)
    at innerInvokeEventListeners (C:\Users\midun\Desktop\maiyom-missions-
main\node_modules\jsdom\lib\jsdom\living\events\EventTarget-impl.js:353:9
)
    at invokeEventListeners (C:\Users\midun\Desktop\maiyom-missions-main\
node_modules\jsdom\lib\jsdom\living\events\EventTarget-impl.js:286:3)
    at HTMLUnknownElementImpl._dispatch (C:\Users\midun\Desktop\maiyom-mi
ssions-main\node_modules\jsdom\lib\jsdom\living\events\EventTarget-impl.j
s:233:9)
    at HTMLUnknownElementImpl.dispatchEvent (C:\Users\midun\Desktop\maiyo
m-missions-main\node_modules\jsdom\lib\jsdom\living\events\EventTarget-im
pl.js:104:17)
    at HTMLUnknownElement.dispatchEvent (C:\Users\midun\Desktop\maiyom-mi
ssions-main\node_modules\jsdom\lib\jsdom\living\generated\EventTarget.js:
241:34)
    at Object.invokeGuardedCallbackDev (C:\Users\midun\Desktop\maiyom-mis
sions-main\node_modules\react-dom\cjs\react-dom.development.js:4213:16)
    at invokeGuardedCallback (C:\Users\midun\Desktop\maiyom-missions-main
\node_modules\react-dom\cjs\react-dom.development.js:4277:31)
    at beginWork$1 (C:\Users\midun\Desktop\maiyom-missions-main\node_modu
les\react-dom\cjs\react-dom.development.js:27490:7)
    at performUnitOfWork (C:\Users\midun\Desktop\maiyom-missions-main\nod
e_modules\react-dom\cjs\react-dom.development.js:26599:12) Error: 
[vitest] No "mockOffers" export is defined on the "@/lib/mockData" mock. 
Did you forget to return it from "vi.mock"?
If you need to partially mock a module, you can use "importOriginal" 
helper inside:

    at VitestMocker.createError [90m(file:///C:/Users/midun/Desktop/maiy
om-missions-main/[39mnode_modules/[4mvitest[24m/dist/chunks/execute.B7
h3T_Hc.js:284:17[90m)[39m
    at Object.mockOffers [as get] [90m(file:///C:/Users/midun/Desktop/ma
iyom-missions-main/[39mnode_modules/[4mvitest[24m/dist/chunks/execute.
B7h3T_Hc.js:330:16[90m)[39m
    at AppProvider [90m(C:\Users\midun\Desktop\maiyom-missions-main\[39
msrc\contexts\AppContext.tsx:60:49[90m)[39m
    at renderWithHooks [90m(C:\Users\midun\Desktop\maiyom-missions-main\
[39mnode_modules\[4mreact-dom[24m\cjs\react-dom.development.js:15486:1
8[90m)[39m
    at mountIndeterminateComponent [90m(C:\Users\midun\Desktop\maiyom-mi
ssions-main\[39mnode_modules\[4mreact-dom[24m\cjs\react-dom.developmen
t.js:20103:13[90m)[39m
    at beginWork [90m(C:\Users\midun\Desktop\maiyom-missions-main\[39mn
ode_modules\[4mreact-dom[24m\cjs\react-dom.development.js:21626:16[90m
)[39m
    at HTMLUnknownElement.callCallback [90m(C:\Users\midun\Desktop\maiyo
m-missions-main\[39mnode_modules\[4mreact-dom[24m\cjs\react-dom.develo
pment.js:4164:14[90m)[39m
    at HTMLUnknownElement.callTheUserObjectsOperation [90m(C:\Users\midu
n\Desktop\maiyom-missions-main\[39mnode_modules\[4mjsdom[24m\lib\jsdom
\living\generated\EventListener.js:26:30[90m)[39m
    at innerInvokeEventListeners [90m(C:\Users\midun\Desktop\maiyom-miss
ions-main\[39mnode_modules\[4mjsdom[24m\lib\jsdom\living\events\EventT
arget-impl.js:350:25[90m)[39m
    at invokeEventListeners [90m(C:\Users\midun\Desktop\maiyom-missions-
main\[39mnode_modules\[4mjsdom[24m\lib\jsdom\living\events\EventTarget
-impl.js:286:3[90m)[39m {
  codeFrame: [32m'vi\x1B[33m.\x1B[39m\x1B[34mmock\x1B[39m(\x1B[35mimport
\x1B[39m(\x1B[32m"@/lib/mockData"\x1B[39m)\x1B[33m,\x1B[39m 
\x1B[35masync\x1B[39m (importOriginal) \x1B[33m=>\x1B[39m {\n'[39m +
    [32m'  \x1B[35mconst\x1B[39m actual \x1B[33m=\x1B[39m 
\x1B[35mawait\x1B[39m \x1B[34mimportOriginal\x1B[39m()\n'[39m +
    [32m'  \x1B[35mreturn\x1B[39m {\n'[39m +
    [32m'    \x1B[33m...\x1B[39mactual\x1B[33m,\x1B[39m\n'[39m +
    [32m'    \x1B[90m// your mocked methods\x1B[39m\n'[39m +
    [32m'  }\n'[39m +
    [32m'})'[39m
}
Error: Uncaught [Error: [vitest] No "mockOffers" export is defined on 
the "@/lib/mockData" mock. Did you forget to return it from "vi.mock"?
If you need to partially mock a module, you can use "importOriginal" 
helper inside:
]
    at reportException (C:\Users\midun\Desktop\maiyom-missions-main\node_
modules\jsdom\lib\jsdom\living\helpers\runtime-script-errors.js:66:24)
    at innerInvokeEventListeners (C:\Users\midun\Desktop\maiyom-missions-
main\node_modules\jsdom\lib\jsdom\living\events\EventTarget-impl.js:353:9
)
    at invokeEventListeners (C:\Users\midun\Desktop\maiyom-missions-main\
node_modules\jsdom\lib\jsdom\living\events\EventTarget-impl.js:286:3)
    at HTMLUnknownElementImpl._dispatch (C:\Users\midun\Desktop\maiyom-mi
ssions-main\node_modules\jsdom\lib\jsdom\living\events\EventTarget-impl.j
s:233:9)
    at HTMLUnknownElementImpl.dispatchEvent (C:\Users\midun\Desktop\maiyo
m-missions-main\node_modules\jsdom\lib\jsdom\living\events\EventTarget-im
pl.js:104:17)
    at HTMLUnknownElement.dispatchEvent (C:\Users\midun\Desktop\maiyom-mi
ssions-main\node_modules\jsdom\lib\jsdom\living\generated\EventTarget.js:
241:34)
    at Object.invokeGuardedCallbackDev (C:\Users\midun\Desktop\maiyom-mis
sions-main\node_modules\react-dom\cjs\react-dom.development.js:4213:16)
    at invokeGuardedCallback (C:\Users\midun\Desktop\maiyom-missions-main
\node_modules\react-dom\cjs\react-dom.development.js:4277:31)
    at beginWork$1 (C:\Users\midun\Desktop\maiyom-missions-main\node_modu
les\react-dom\cjs\react-dom.development.js:27490:7)
    at performUnitOfWork (C:\Users\midun\Desktop\maiyom-missions-main\nod
e_modules\react-dom\cjs\react-dom.development.js:26599:12) Error: 
[vitest] No "mockOffers" export is defined on the "@/lib/mockData" mock. 
Did you forget to return it from "vi.mock"?
If you need to partially mock a module, you can use "importOriginal" 
helper inside:

    at VitestMocker.createError [90m(file:///C:/Users/midun/Desktop/maiy
om-missions-main/[39mnode_modules/[4mvitest[24m/dist/chunks/execute.B7
h3T_Hc.js:284:17[90m)[39m
    at Object.mockOffers [as get] [90m(file:///C:/Users/midun/Desktop/ma
iyom-missions-main/[39mnode_modules/[4mvitest[24m/dist/chunks/execute.
B7h3T_Hc.js:330:16[90m)[39m
    at AppProvider [90m(C:\Users\midun\Desktop\maiyom-missions-main\[39
msrc\contexts\AppContext.tsx:60:49[90m)[39m
    at renderWithHooks [90m(C:\Users\midun\Desktop\maiyom-missions-main\
[39mnode_modules\[4mreact-dom[24m\cjs\react-dom.development.js:15486:1
8[90m)[39m
    at mountIndeterminateComponent [90m(C:\Users\midun\Desktop\maiyom-mi
ssions-main\[39mnode_modules\[4mreact-dom[24m\cjs\react-dom.developmen
t.js:20103:13[90m)[39m
    at beginWork [90m(C:\Users\midun\Desktop\maiyom-missions-main\[39mn
ode_modules\[4mreact-dom[24m\cjs\react-dom.development.js:21626:16[90m
)[39m
    at HTMLUnknownElement.callCallback [90m(C:\Users\midun\Desktop\maiyo
m-missions-main\[39mnode_modules\[4mreact-dom[24m\cjs\react-dom.develo
pment.js:4164:14[90m)[39m
    at HTMLUnknownElement.callTheUserObjectsOperation [90m(C:\Users\midu
n\Desktop\maiyom-missions-main\[39mnode_modules\[4mjsdom[24m\lib\jsdom
\living\generated\EventListener.js:26:30[90m)[39m
    at innerInvokeEventListeners [90m(C:\Users\midun\Desktop\maiyom-miss
ions-main\[39mnode_modules\[4mjsdom[24m\lib\jsdom\living\events\EventT
arget-impl.js:350:25[90m)[39m
    at invokeEventListeners [90m(C:\Users\midun\Desktop\maiyom-missions-
main\[39mnode_modules\[4mjsdom[24m\lib\jsdom\living\events\EventTarget
-impl.js:286:3[90m)[39m {
  codeFrame: [32m'vi\x1B[33m.\x1B[39m\x1B[34mmock\x1B[39m(\x1B[35mimport
\x1B[39m(\x1B[32m"@/lib/mockData"\x1B[39m)\x1B[33m,\x1B[39m 
\x1B[35masync\x1B[39m (importOriginal) \x1B[33m=>\x1B[39m {\n'[39m +
    [32m'  \x1B[35mconst\x1B[39m actual \x1B[33m=\x1B[39m 
\x1B[35mawait\x1B[39m \x1B[34mimportOriginal\x1B[39m()\n'[39m +
    [32m'  \x1B[35mreturn\x1B[39m {\n'[39m +
    [32m'    \x1B[33m...\x1B[39mactual\x1B[33m,\x1B[39m\n'[39m +
    [32m'    \x1B[90m// your mocked methods\x1B[39m\n'[39m +
    [32m'  }\n'[39m +
    [32m'})'[39m
}
The above error occurred in the <AppProvider> component:

    at AppProvider (C:\Users\midun\Desktop\maiyom-missions-main\src\conte
xts\AppContext.tsx:22:24)
    at G (C:\Users\midun\Desktop\maiyom-missions-main\node_modules\next-t
hemes\dist\index.js:1:947)
    at B (C:\Users\midun\Desktop\maiyom-missions-main\node_modules\next-t
hemes\dist\index.js:1:861)

Consider adding an error boundary to your tree to customize error 
handling behavior.
Visit https://reactjs.org/link/error-boundaries to learn more about 
error boundaries.

[90mstderr[2m | src/test/RoleSwitcherLocation.test.tsx[2m > 
[22m[2mRoleSwitcher Location[2m > [22m[2mshould NOT be present on 
RequesterHome page
[22m[39mError: Uncaught [Error: [vitest] No "mockOffers" export is 
defined on the "@/lib/mockData" mock. Did you forget to return it from 
"vi.mock"?
If you need to partially mock a module, you can use "importOriginal" 
helper inside:
]
    at reportException (C:\Users\midun\Desktop\maiyom-missions-main\node_
modules\jsdom\lib\jsdom\living\helpers\runtime-script-errors.js:66:24)
    at innerInvokeEventListeners (C:\Users\midun\Desktop\maiyom-missions-
main\node_modules\jsdom\lib\jsdom\living\events\EventTarget-impl.js:353:9
)
    at invokeEventListeners (C:\Users\midun\Desktop\maiyom-missions-main\
node_modules\jsdom\lib\jsdom\living\events\EventTarget-impl.js:286:3)
    at HTMLUnknownElementImpl._dispatch (C:\Users\midun\Desktop\maiyom-mi
ssions-main\node_modules\jsdom\lib\jsdom\living\events\EventTarget-impl.j
s:233:9)
    at HTMLUnknownElementImpl.dispatchEvent (C:\Users\midun\Desktop\maiyo
m-missions-main\node_modules\jsdom\lib\jsdom\living\events\EventTarget-im
pl.js:104:17)
    at HTMLUnknownElement.dispatchEvent (C:\Users\midun\Desktop\maiyom-mi
ssions-main\node_modules\jsdom\lib\jsdom\living\generated\EventTarget.js:
241:34)
    at Object.invokeGuardedCallbackDev (C:\Users\midun\Desktop\maiyom-mis
sions-main\node_modules\react-dom\cjs\react-dom.development.js:4213:16)
    at invokeGuardedCallback (C:\Users\midun\Desktop\maiyom-missions-main
\node_modules\react-dom\cjs\react-dom.development.js:4277:31)
    at beginWork$1 (C:\Users\midun\Desktop\maiyom-missions-main\node_modu
les\react-dom\cjs\react-dom.development.js:27490:7)
    at performUnitOfWork (C:\Users\midun\Desktop\maiyom-missions-main\nod
e_modules\react-dom\cjs\react-dom.development.js:26599:12) Error: 
[vitest] No "mockOffers" export is defined on the "@/lib/mockData" mock. 
Did you forget to return it from "vi.mock"?
If you need to partially mock a module, you can use "importOriginal" 
helper inside:

    at VitestMocker.createError [90m(file:///C:/Users/midun/Desktop/maiy
om-missions-main/[39mnode_modules/[4mvitest[24m/dist/chunks/execute.B7
h3T_Hc.js:284:17[90m)[39m
    at Object.mockOffers [as get] [90m(file:///C:/Users/midun/Desktop/ma
iyom-missions-main/[39mnode_modules/[4mvitest[24m/dist/chunks/execute.
B7h3T_Hc.js:330:16[90m)[39m
    at AppProvider [90m(C:\Users\midun\Desktop\maiyom-missions-main\[39
msrc\contexts\AppContext.tsx:60:49[90m)[39m
    at renderWithHooks [90m(C:\Users\midun\Desktop\maiyom-missions-main\
[39mnode_modules\[4mreact-dom[24m\cjs\react-dom.development.js:15486:1
8[90m)[39m
    at mountIndeterminateComponent [90m(C:\Users\midun\Desktop\maiyom-mi
ssions-main\[39mnode_modules\[4mreact-dom[24m\cjs\react-dom.developmen
t.js:20103:13[90m)[39m
    at beginWork [90m(C:\Users\midun\Desktop\maiyom-missions-main\[39mn
ode_modules\[4mreact-dom[24m\cjs\react-dom.development.js:21626:16[90m
)[39m
    at HTMLUnknownElement.callCallback [90m(C:\Users\midun\Desktop\maiyo
m-missions-main\[39mnode_modules\[4mreact-dom[24m\cjs\react-dom.develo
pment.js:4164:14[90m)[39m
    at HTMLUnknownElement.callTheUserObjectsOperation [90m(C:\Users\midu
n\Desktop\maiyom-missions-main\[39mnode_modules\[4mjsdom[24m\lib\jsdom
\living\generated\EventListener.js:26:30[90m)[39m
    at innerInvokeEventListeners [90m(C:\Users\midun\Desktop\maiyom-miss
ions-main\[39mnode_modules\[4mjsdom[24m\lib\jsdom\living\events\EventT
arget-impl.js:350:25[90m)[39m
    at invokeEventListeners [90m(C:\Users\midun\Desktop\maiyom-missions-
main\[39mnode_modules\[4mjsdom[24m\lib\jsdom\living\events\EventTarget
-impl.js:286:3[90m)[39m {
  codeFrame: [32m'vi\x1B[33m.\x1B[39m\x1B[34mmock\x1B[39m(\x1B[35mimport
\x1B[39m(\x1B[32m"@/lib/mockData"\x1B[39m)\x1B[33m,\x1B[39m 
\x1B[35masync\x1B[39m (importOriginal) \x1B[33m=>\x1B[39m {\n'[39m +
    [32m'  \x1B[35mconst\x1B[39m actual \x1B[33m=\x1B[39m 
\x1B[35mawait\x1B[39m \x1B[34mimportOriginal\x1B[39m()\n'[39m +
    [32m'  \x1B[35mreturn\x1B[39m {\n'[39m +
    [32m'    \x1B[33m...\x1B[39mactual\x1B[33m,\x1B[39m\n'[39m +
    [32m'    \x1B[90m// your mocked methods\x1B[39m\n'[39m +
    [32m'  }\n'[39m +
    [32m'})'[39m
}
Error: Uncaught [Error: [vitest] No "mockOffers" export is defined on 
the "@/lib/mockData" mock. Did you forget to return it from "vi.mock"?
If you need to partially mock a module, you can use "importOriginal" 
helper inside:
]
    at reportException (C:\Users\midun\Desktop\maiyom-missions-main\node_
modules\jsdom\lib\jsdom\living\helpers\runtime-script-errors.js:66:24)
    at innerInvokeEventListeners (C:\Users\midun\Desktop\maiyom-missions-
main\node_modules\jsdom\lib\jsdom\living\events\EventTarget-impl.js:353:9
)
    at invokeEventListeners (C:\Users\midun\Desktop\maiyom-missions-main\
node_modules\jsdom\lib\jsdom\living\events\EventTarget-impl.js:286:3)
    at HTMLUnknownElementImpl._dispatch (C:\Users\midun\Desktop\maiyom-mi
ssions-main\node_modules\jsdom\lib\jsdom\living\events\EventTarget-impl.j
s:233:9)
    at HTMLUnknownElementImpl.dispatchEvent (C:\Users\midun\Desktop\maiyo
m-missions-main\node_modules\jsdom\lib\jsdom\living\events\EventTarget-im
pl.js:104:17)
    at HTMLUnknownElement.dispatchEvent (C:\Users\midun\Desktop\maiyom-mi
ssions-main\node_modules\jsdom\lib\jsdom\living\generated\EventTarget.js:
241:34)
    at Object.invokeGuardedCallbackDev (C:\Users\midun\Desktop\maiyom-mis
sions-main\node_modules\react-dom\cjs\react-dom.development.js:4213:16)
    at invokeGuardedCallback (C:\Users\midun\Desktop\maiyom-missions-main
\node_modules\react-dom\cjs\react-dom.development.js:4277:31)
    at beginWork$1 (C:\Users\midun\Desktop\maiyom-missions-main\node_modu
les\react-dom\cjs\react-dom.development.js:27490:7)
    at performUnitOfWork (C:\Users\midun\Desktop\maiyom-missions-main\nod
e_modules\react-dom\cjs\react-dom.development.js:26599:12) Error: 
[vitest] No "mockOffers" export is defined on the "@/lib/mockData" mock. 
Did you forget to return it from "vi.mock"?
If you need to partially mock a module, you can use "importOriginal" 
helper inside:

    at VitestMocker.createError [90m(file:///C:/Users/midun/Desktop/maiy
om-missions-main/[39mnode_modules/[4mvitest[24m/dist/chunks/execute.B7
h3T_Hc.js:284:17[90m)[39m
    at Object.mockOffers [as get] [90m(file:///C:/Users/midun/Desktop/ma
iyom-missions-main/[39mnode_modules/[4mvitest[24m/dist/chunks/execute.
B7h3T_Hc.js:330:16[90m)[39m
    at AppProvider [90m(C:\Users\midun\Desktop\maiyom-missions-main\[39
msrc\contexts\AppContext.tsx:60:49[90m)[39m
    at renderWithHooks [90m(C:\Users\midun\Desktop\maiyom-missions-main\
[39mnode_modules\[4mreact-dom[24m\cjs\react-dom.development.js:15486:1
8[90m)[39m
    at mountIndeterminateComponent [90m(C:\Users\midun\Desktop\maiyom-mi
ssions-main\[39mnode_modules\[4mreact-dom[24m\cjs\react-dom.developmen
t.js:20103:13[90m)[39m
    at beginWork [90m(C:\Users\midun\Desktop\maiyom-missions-main\[39mn
ode_modules\[4mreact-dom[24m\cjs\react-dom.development.js:21626:16[90m
)[39m
    at HTMLUnknownElement.callCallback [90m(C:\Users\midun\Desktop\maiyo
m-missions-main\[39mnode_modules\[4mreact-dom[24m\cjs\react-dom.develo
pment.js:4164:14[90m)[39m
    at HTMLUnknownElement.callTheUserObjectsOperation [90m(C:\Users\midu
n\Desktop\maiyom-missions-main\[39mnode_modules\[4mjsdom[24m\lib\jsdom
\living\generated\EventListener.js:26:30[90m)[39m
    at innerInvokeEventListeners [90m(C:\Users\midun\Desktop\maiyom-miss
ions-main\[39mnode_modules\[4mjsdom[24m\lib\jsdom\living\events\EventT
arget-impl.js:350:25[90m)[39m
    at invokeEventListeners [90m(C:\Users\midun\Desktop\maiyom-missions-
main\[39mnode_modules\[4mjsdom[24m\lib\jsdom\living\events\EventTarget
-impl.js:286:3[90m)[39m {
  codeFrame: [32m'vi\x1B[33m.\x1B[39m\x1B[34mmock\x1B[39m(\x1B[35mimport
\x1B[39m(\x1B[32m"@/lib/mockData"\x1B[39m)\x1B[33m,\x1B[39m 
\x1B[35masync\x1B[39m (importOriginal) \x1B[33m=>\x1B[39m {\n'[39m +
    [32m'  \x1B[35mconst\x1B[39m actual \x1B[33m=\x1B[39m 
\x1B[35mawait\x1B[39m \x1B[34mimportOriginal\x1B[39m()\n'[39m +
    [32m'  \x1B[35mreturn\x1B[39m {\n'[39m +
    [32m'    \x1B[33m...\x1B[39mactual\x1B[33m,\x1B[39m\n'[39m +
    [32m'    \x1B[90m// your mocked methods\x1B[39m\n'[39m +
    [32m'  }\n'[39m +
    [32m'})'[39m
}
The above error occurred in the <AppProvider> component:

    at AppProvider (C:\Users\midun\Desktop\maiyom-missions-main\src\conte
xts\AppContext.tsx:22:24)
    at G (C:\Users\midun\Desktop\maiyom-missions-main\node_modules\next-t
hemes\dist\index.js:1:947)
    at B (C:\Users\midun\Desktop\maiyom-missions-main\node_modules\next-t
hemes\dist\index.js:1:861)

Consider adding an error boundary to your tree to customize error 
handling behavior.
Visit https://reactjs.org/link/error-boundaries to learn more about 
error boundaries.

[90mstderr[2m | src/test/RoleSwitcherLocation.test.tsx[2m > 
[22m[2mRoleSwitcher Location[2m > [22m[2mshould NOT be present on 
RunnerFeed page
[22m[39mError: Uncaught [Error: [vitest] No "mockOffers" export is 
defined on the "@/lib/mockData" mock. Did you forget to return it from 
"vi.mock"?
If you need to partially mock a module, you can use "importOriginal" 
helper inside:
]
    at reportException (C:\Users\midun\Desktop\maiyom-missions-main\node_
modules\jsdom\lib\jsdom\living\helpers\runtime-script-errors.js:66:24)
    at innerInvokeEventListeners (C:\Users\midun\Desktop\maiyom-missions-
main\node_modules\jsdom\lib\jsdom\living\events\EventTarget-impl.js:353:9
)
    at invokeEventListeners (C:\Users\midun\Desktop\maiyom-missions-main\
node_modules\jsdom\lib\jsdom\living\events\EventTarget-impl.js:286:3)
    at HTMLUnknownElementImpl._dispatch (C:\Users\midun\Desktop\maiyom-mi
ssions-main\node_modules\jsdom\lib\jsdom\living\events\EventTarget-impl.j
s:233:9)
    at HTMLUnknownElementImpl.dispatchEvent (C:\Users\midun\Desktop\maiyo
m-missions-main\node_modules\jsdom\lib\jsdom\living\events\EventTarget-im
pl.js:104:17)
    at HTMLUnknownElement.dispatchEvent (C:\Users\midun\Desktop\maiyom-mi
ssions-main\node_modules\jsdom\lib\jsdom\living\generated\EventTarget.js:
241:34)
    at Object.invokeGuardedCallbackDev (C:\Users\midun\Desktop\maiyom-mis
sions-main\node_modules\react-dom\cjs\react-dom.development.js:4213:16)
    at invokeGuardedCallback (C:\Users\midun\Desktop\maiyom-missions-main
\node_modules\react-dom\cjs\react-dom.development.js:4277:31)
    at beginWork$1 (C:\Users\midun\Desktop\maiyom-missions-main\node_modu
les\react-dom\cjs\react-dom.development.js:27490:7)
    at performUnitOfWork (C:\Users\midun\Desktop\maiyom-missions-main\nod
e_modules\react-dom\cjs\react-dom.development.js:26599:12) Error: 
[vitest] No "mockOffers" export is defined on the "@/lib/mockData" mock. 
Did you forget to return it from "vi.mock"?
If you need to partially mock a module, you can use "importOriginal" 
helper inside:

    at VitestMocker.createError [90m(file:///C:/Users/midun/Desktop/maiy
om-missions-main/[39mnode_modules/[4mvitest[24m/dist/chunks/execute.B7
h3T_Hc.js:284:17[90m)[39m
    at Object.mockOffers [as get] [90m(file:///C:/Users/midun/Desktop/ma
iyom-missions-main/[39mnode_modules/[4mvitest[24m/dist/chunks/execute.
B7h3T_Hc.js:330:16[90m)[39m
    at AppProvider [90m(C:\Users\midun\Desktop\maiyom-missions-main\[39
msrc\contexts\AppContext.tsx:60:49[90m)[39m
    at renderWithHooks [90m(C:\Users\midun\Desktop\maiyom-missions-main\
[39mnode_modules\[4mreact-dom[24m\cjs\react-dom.development.js:15486:1
8[90m)[39m
    at mountIndeterminateComponent [90m(C:\Users\midun\Desktop\maiyom-mi
ssions-main\[39mnode_modules\[4mreact-dom[24m\cjs\react-dom.developmen
t.js:20103:13[90m)[39m
    at beginWork [90m(C:\Users\midun\Desktop\maiyom-missions-main\[39mn
ode_modules\[4mreact-dom[24m\cjs\react-dom.development.js:21626:16[90m
)[39m
    at HTMLUnknownElement.callCallback [90m(C:\Users\midun\Desktop\maiyo
m-missions-main\[39mnode_modules\[4mreact-dom[24m\cjs\react-dom.develo
pment.js:4164:14[90m)[39m
    at HTMLUnknownElement.callTheUserObjectsOperation [90m(C:\Users\midu
n\Desktop\maiyom-missions-main\[39mnode_modules\[4mjsdom[24m\lib\jsdom
\living\generated\EventListener.js:26:30[90m)[39m
    at innerInvokeEventListeners [90m(C:\Users\midun\Desktop\maiyom-miss
ions-main\[39mnode_modules\[4mjsdom[24m\lib\jsdom\living\events\EventT
arget-impl.js:350:25[90m)[39m
    at invokeEventListeners [90m(C:\Users\midun\Desktop\maiyom-missions-
main\[39mnode_modules\[4mjsdom[24m\lib\jsdom\living\events\EventTarget
-impl.js:286:3[90m)[39m {
  codeFrame: [32m'vi\x1B[33m.\x1B[39m\x1B[34mmock\x1B[39m(\x1B[35mimport
\x1B[39m(\x1B[32m"@/lib/mockData"\x1B[39m)\x1B[33m,\x1B[39m 
\x1B[35masync\x1B[39m (importOriginal) \x1B[33m=>\x1B[39m {\n'[39m +
    [32m'  \x1B[35mconst\x1B[39m actual \x1B[33m=\x1B[39m 
\x1B[35mawait\x1B[39m \x1B[34mimportOriginal\x1B[39m()\n'[39m +
    [32m'  \x1B[35mreturn\x1B[39m {\n'[39m +
    [32m'    \x1B[33m...\x1B[39mactual\x1B[33m,\x1B[39m\n'[39m +
    [32m'    \x1B[90m// your mocked methods\x1B[39m\n'[39m +
    [32m'  }\n'[39m +
    [32m'})'[39m
}
Error: Uncaught [Error: [vitest] No "mockOffers" export is defined on 
the "@/lib/mockData" mock. Did you forget to return it from "vi.mock"?
If you need to partially mock a module, you can use "importOriginal" 
helper inside:
]
    at reportException (C:\Users\midun\Desktop\maiyom-missions-main\node_
modules\jsdom\lib\jsdom\living\helpers\runtime-script-errors.js:66:24)
    at innerInvokeEventListeners (C:\Users\midun\Desktop\maiyom-missions-
main\node_modules\jsdom\lib\jsdom\living\events\EventTarget-impl.js:353:9
)
    at invokeEventListeners (C:\Users\midun\Desktop\maiyom-missions-main\
node_modules\jsdom\lib\jsdom\living\events\EventTarget-impl.js:286:3)
    at HTMLUnknownElementImpl._dispatch (C:\Users\midun\Desktop\maiyom-mi
ssions-main\node_modules\jsdom\lib\jsdom\living\events\EventTarget-impl.j
s:233:9)
    at HTMLUnknownElementImpl.dispatchEvent (C:\Users\midun\Desktop\maiyo
m-missions-main\node_modules\jsdom\lib\jsdom\living\events\EventTarget-im
pl.js:104:17)
    at HTMLUnknownElement.dispatchEvent (C:\Users\midun\Desktop\maiyom-mi
ssions-main\node_modules\jsdom\lib\jsdom\living\generated\EventTarget.js:
241:34)
    at Object.invokeGuardedCallbackDev (C:\Users\midun\Desktop\maiyom-mis
sions-main\node_modules\react-dom\cjs\react-dom.development.js:4213:16)
    at invokeGuardedCallback (C:\Users\midun\Desktop\maiyom-missions-main
\node_modules\react-dom\cjs\react-dom.development.js:4277:31)
    at beginWork$1 (C:\Users\midun\Desktop\maiyom-missions-main\node_modu
les\react-dom\cjs\react-dom.development.js:27490:7)
    at performUnitOfWork (C:\Users\midun\Desktop\maiyom-missions-main\nod
e_modules\react-dom\cjs\react-dom.development.js:26599:12) Error: 
[vitest] No "mockOffers" export is defined on the "@/lib/mockData" mock. 
Did you forget to return it from "vi.mock"?
If you need to partially mock a module, you can use "importOriginal" 
helper inside:

    at VitestMocker.createError [90m(file:///C:/Users/midun/Desktop/maiy
om-missions-main/[39mnode_modules/[4mvitest[24m/dist/chunks/execute.B7
h3T_Hc.js:284:17[90m)[39m
    at Object.mockOffers [as get] [90m(file:///C:/Users/midun/Desktop/ma
iyom-missions-main/[39mnode_modules/[4mvitest[24m/dist/chunks/execute.
B7h3T_Hc.js:330:16[90m)[39m
    at AppProvider [90m(C:\Users\midun\Desktop\maiyom-missions-main\[39
msrc\contexts\AppContext.tsx:60:49[90m)[39m
    at renderWithHooks [90m(C:\Users\midun\Desktop\maiyom-missions-main\
[39mnode_modules\[4mreact-dom[24m\cjs\react-dom.development.js:15486:1
8[90m)[39m
    at mountIndeterminateComponent [90m(C:\Users\midun\Desktop\maiyom-mi
ssions-main\[39mnode_modules\[4mreact-dom[24m\cjs\react-dom.developmen
t.js:20103:13[90m)[39m
    at beginWork [90m(C:\Users\midun\Desktop\maiyom-missions-main\[39mn
ode_modules\[4mreact-dom[24m\cjs\react-dom.development.js:21626:16[90m
)[39m
    at HTMLUnknownElement.callCallback [90m(C:\Users\midun\Desktop\maiyo
m-missions-main\[39mnode_modules\[4mreact-dom[24m\cjs\react-dom.develo
pment.js:4164:14[90m)[39m
    at HTMLUnknownElement.callTheUserObjectsOperation [90m(C:\Users\midu
n\Desktop\maiyom-missions-main\[39mnode_modules\[4mjsdom[24m\lib\jsdom
\living\generated\EventListener.js:26:30[90m)[39m
    at innerInvokeEventListeners [90m(C:\Users\midun\Desktop\maiyom-miss
ions-main\[39mnode_modules\[4mjsdom[24m\lib\jsdom\living\events\EventT
arget-impl.js:350:25[90m)[39m
    at invokeEventListeners [90m(C:\Users\midun\Desktop\maiyom-missions-
main\[39mnode_modules\[4mjsdom[24m\lib\jsdom\living\events\EventTarget
-impl.js:286:3[90m)[39m {
  codeFrame: [32m'vi\x1B[33m.\x1B[39m\x1B[34mmock\x1B[39m(\x1B[35mimport
\x1B[39m(\x1B[32m"@/lib/mockData"\x1B[39m)\x1B[33m,\x1B[39m 
\x1B[35masync\x1B[39m (importOriginal) \x1B[33m=>\x1B[39m {\n'[39m +
    [32m'  \x1B[35mconst\x1B[39m actual \x1B[33m=\x1B[39m 
\x1B[35mawait\x1B[39m \x1B[34mimportOriginal\x1B[39m()\n'[39m +
    [32m'  \x1B[35mreturn\x1B[39m {\n'[39m +
    [32m'    \x1B[33m...\x1B[39mactual\x1B[33m,\x1B[39m\n'[39m +
 [31mΓ¥»[39m src/test/RoleSwitcherLocation.test.tsx [2m([22m[2m3 tests[22m[2m | [22m[31m3 failed[39m[2m)[22m[32m 48[2mms[22m[39m
[31m   [31m├ù[31m RoleSwitcher Location[2m > [22mshould be present on Profile page[39m[32m 35[2mms[22m[39m
[31m     ΓåÆ [vitest] No "mockOffers" export is defined on the "@/lib/mockData" mock. Did you forget to return it from "vi.mock"?
If you need to partially mock a module, you can use "importOriginal" helper inside:
[39m
[31m   [31m├ù[31m RoleSwitcher Location[2m > [22mshould NOT be present on RequesterHome page[39m[32m 5[2mms[22m[39m
[31m     ΓåÆ [vitest] No "mockOffers" export is defined on the "@/lib/mockData" mock. Did you forget to return it from "vi.mock"?
If you need to partially mock a module, you can use "importOriginal" helper inside:
[39m
[31m   [31m├ù[31m RoleSwitcher Location[2m > [22mshould NOT be present on RunnerFeed page[39m[32m 6[2mms[22m[39m
[31m     ΓåÆ [vitest] No "mockOffers" export is defined on the "@/lib/mockData" mock. Did you forget to return it from "vi.mock"?
If you need to partially mock a module, you can use "importOriginal" helper inside:
[39m
    [32m'    \x1B[90m// your mocked methods\x1B[39m\n'[39m +
    [32m'  }\n'[39m +
    [32m'})'[39m
}
The above error occurred in the <AppProvider> component:

    at AppProvider (C:\Users\midun\Desktop\maiyom-missions-main\src\conte
xts\AppContext.tsx:22:24)
    at G (C:\Users\midun\Desktop\maiyom-missions-main\node_modules\next-t
hemes\dist\index.js:1:947)
    at B (C:\Users\midun\Desktop\maiyom-missions-main\node_modules\next-t
hemes\dist\index.js:1:861)

Consider adding an error boundary to your tree to customize error 
handling behavior.
Visit https://reactjs.org/link/error-boundaries to learn more about 
error boundaries.

Browserslist: browsers data (caniuse-lite) is 8 months old. Please run:
  npx update-browserslist-db@latest
  Why you should do it regularly: 
https://github.com/browserslist/update-db#readme
[90mstderr[2m | src/App.test.tsx[2m > [22m[2mApp Integration[2m > 
[22m[2mrenders without crashing and shows Welcome page initially
[22m[39mWarning: Use the `defaultValue` or `value` props on <select> 
instead of setting `selected` on <option>.
    at option
    at select
    at form
    at div
    at MotionDOMComponent (file:///C:/Users/midun/Desktop/maiyom-missions
-main/node_modules/framer-motion/dist/es/motion/index.mjs:46:16)
    at div
    at div
    at section
    at Waitlist (C:\Users\midun\Desktop\maiyom-missions-main\src\componen
ts\welcome\Waitlist.tsx:10:61)
    at main
    at div
    at Welcome
    at RenderedRoute (C:\Users\midun\Desktop\maiyom-missions-main\node_mo
dules\react-router\dist\umd\react-router.development.js:539:7)
    at Routes (C:\Users\midun\Desktop\maiyom-missions-main\node_modules\r
eact-router\dist\umd\react-router.development.js:1273:7)
    at AppRoutes
    at Router (C:\Users\midun\Desktop\maiyom-missions-main\node_modules\r
eact-router\dist\umd\react-router.development.js:1207:17)
    at BrowserRouter (C:\Users\midun\Desktop\maiyom-missions-main\node_mo
dules\react-router-dom\dist\umd\react-router-dom.development.js:695:7)
    at NotificationProvider (C:\Users\midun\Desktop\maiyom-missions-main\
src\contexts\NotificationContext.tsx:14:33)
    at LanguageProvider (C:\Users\midun\Desktop\maiyom-missions-main\src\
contexts\LanguageContext.tsx:30:29)
    at AppProvider (C:\Users\midun\Desktop\maiyom-missions-main\src\conte
xts\AppContext.tsx:22:24)
    at Provider (file:///C:/Users/midun/Desktop/maiyom-missions-main/node
_modules/@radix-ui/react-context/dist/index.mjs:27:15)
    at TooltipProvider (file:///C:/Users/midun/Desktop/maiyom-missions-ma
in/node_modules/@radix-ui/react-tooltip/dist/index.mjs:29:5)
    at QueryClientProvider (file:///C:/Users/midun/Desktop/maiyom-mission
s-main/node_modules/@tanstack/react-query/build/modern/QueryClientProvide
r.js:20:3)
    at G (C:\Users\midun\Desktop\maiyom-missions-main\node_modules\next-t
hemes\dist\index.js:1:947)
    at B (C:\Users\midun\Desktop\maiyom-missions-main\node_modules\next-t
hemes\dist\index.js:1:861)
    at App
ΓÜá∩╕Å React Router Future Flag Warning: React Router will begin 
wrapping state updates in `React.startTransition` in v7. You can use the 
`v7_startTransition` future flag to opt-in early. For more information, 
see https://reactrouter.com/v6/upgrading/future#v7_starttransition.
ΓÜá∩╕Å React Router Future Flag Warning: Relative route resolution 
within Splat routes is changing in v7. You can use the 
`v7_relativeSplatPath` future flag to opt-in early. For more 
information, see 
https://reactrouter.com/v6/upgrading/future#v7_relativesplatpath.

[90mstderr[2m | src/test/System.test.tsx[2m > [22m[2mSystem Test: 
Onboarding Flow[2m > [22m[2mnavigates from Welcome to Onboarding and 
then to Auth
[22m[39mWarning: Use the `defaultValue` or `value` props on <select> 
instead of setting `selected` on <option>.
    at option
    at select
    at form
    at div
    at MotionDOMComponent (file:///C:/Users/midun/Desktop/maiyom-missions
-main/node_modules/framer-motion/dist/es/motion/index.mjs:46:16)
    at div
    at div
    at section
    at Waitlist (C:\Users\midun\Desktop\maiyom-missions-main\src\componen
ts\welcome\Waitlist.tsx:10:61)
    at main
    at div
    at Welcome
    at RenderedRoute (C:\Users\midun\Desktop\maiyom-missions-main\node_mo
dules\react-router\dist\umd\react-router.development.js:539:7)
    at Routes (C:\Users\midun\Desktop\maiyom-missions-main\node_modules\r
eact-router\dist\umd\react-router.development.js:1273:7)
    at AppRoutes
    at Router (C:\Users\midun\Desktop\maiyom-missions-main\node_modules\r
eact-router\dist\umd\react-router.development.js:1207:17)
    at BrowserRouter (C:\Users\midun\Desktop\maiyom-missions-main\node_mo
dules\react-router-dom\dist\umd\react-router-dom.development.js:695:7)
    at NotificationProvider (C:\Users\midun\Desktop\maiyom-missions-main\
src\contexts\NotificationContext.tsx:14:33)
    at LanguageProvider (C:\Users\midun\Desktop\maiyom-missions-main\src\
contexts\LanguageContext.tsx:30:29)
    at AppProvider (C:\Users\midun\Desktop\maiyom-missions-main\src\conte
xts\AppContext.tsx:22:24)
    at Provider (file:///C:/Users/midun/Desktop/maiyom-missions-main/node
_modules/@radix-ui/react-context/dist/index.mjs:27:15)
    at TooltipProvider (file:///C:/Users/midun/Desktop/maiyom-missions-ma
in/node_modules/@radix-ui/react-tooltip/dist/index.mjs:29:5)
    at QueryClientProvider (file:///C:/Users/midun/Desktop/maiyom-mission
s-main/node_modules/@tanstack/react-query/build/modern/QueryClientProvide
r.js:20:3)
    at G (C:\Users\midun\Desktop\maiyom-missions-main\node_modules\next-t
hemes\dist\index.js:1:947)
    at B (C:\Users\midun\Desktop\maiyom-missions-main\node_modules\next-t
hemes\dist\index.js:1:861)
    at App
ΓÜá∩╕Å React Router Future Flag Warning: React Router will begin 
wrapping state updates in `React.startTransition` in v7. You can use the 
`v7_startTransition` future flag to opt-in early. For more information, 
see https://reactrouter.com/v6/upgrading/future#v7_starttransition.
ΓÜá∩╕Å React Router Future Flag Warning: Relative route resolution 
within Splat routes is changing in v7. You can use the 
`v7_relativeSplatPath` future flag to opt-in early. For more 
information, see 
https://reactrouter.com/v6/upgrading/future#v7_relativesplatpath.

 [32mΓ£ô[39m src/App.test.tsx [2m([22m[2m1 test[22m[2m)[22m[32m 171[2mms[22m[39m
[90mstderr[2m | src/test/System.test.tsx[2m > [22m[2mSystem Test: 
Onboarding Flow[2m > [22m[2mnavigates from Welcome to Onboarding and 
then to Auth
[22m[39mYou are trying to animate backgroundColor from "rgba(249, 125, 
16, 0.3963)" to "hsl(var(--muted))". "hsl(var(--muted))" is not an 
animatable value.. For more information and steps for solving, visit 
https://motion.dev/troubleshooting/value-not-animatable
You are trying to animate backgroundColor from "hsl(var(--muted))" to 
"hsl(28, 95%, 52%)". "hsl(var(--muted))" is not an animatable value.. 
For more information and steps for solving, visit 
https://motion.dev/troubleshooting/value-not-animatable

[90mstderr[2m | src/test/System.test.tsx[2m > [22m[2mSystem Test: 
Onboarding Flow[2m > [22m[2mnavigates from Welcome to Onboarding and 
then to Auth
[22m[39mYou are trying to animate backgroundColor from "hsl(28, 95%, 
52%)" to "hsl(var(--muted))". "hsl(var(--muted))" is not an animatable 
value.. For more information and steps for solving, visit 
https://motion.dev/troubleshooting/value-not-animatable
You are trying to animate backgroundColor from "hsl(var(--muted))" to 
"hsl(28, 95%, 52%)". "hsl(var(--muted))" is not an animatable value.. 
For more information and steps for solving, visit 
https://motion.dev/troubleshooting/value-not-animatable

[90mstderr[2m | src/test/System.test.tsx[2m > [22m[2mSystem Test: 
Onboarding Flow[2m > [22m[2mnavigates from Welcome to Onboarding and 
then to Auth
[22m[39mYou are trying to animate backgroundColor from "hsl(28, 95%, 
52%)" to "hsl(var(--muted))". "hsl(var(--muted))" is not an animatable 
value.. For more information and steps for solving, visit 
https://motion.dev/troubleshooting/value-not-animatable
You are trying to animate backgroundColor from "hsl(var(--muted))" to 
"hsl(28, 95%, 52%)". "hsl(var(--muted))" is not an animatable value.. 
For more information and steps for solving, visit 
https://motion.dev/troubleshooting/value-not-animatable

 [32mΓ£ô[39m src/test/System.test.tsx [2m([22m[2m1 test[22m[2m)[22m[33m 1562[2mms[22m[39m
   [33m[2mΓ£ô[22m[39m System Test: Onboarding Flow[2m > [22mnavigates from Welcome to Onboarding and then to Auth [33m 1560[2mms[22m[39m

[31mΓÄ»ΓÄ»ΓÄ»ΓÄ»ΓÄ»ΓÄ»ΓÄ»[39m[1m[41m Failed Tests 3 
[49m[22m[31mΓÄ»ΓÄ»ΓÄ»ΓÄ»ΓÄ»ΓÄ»ΓÄ»[39m

[41m[1m FAIL [22m[49m src/test/RoleSwitcherLocation.test.tsx[2m > 
[22mRoleSwitcher Location[2m > [22mshould be present on Profile page
[41m[1m FAIL [22m[49m src/test/RoleSwitcherLocation.test.tsx[2m > 
[22mRoleSwitcher Location[2m > [22mshould NOT be present on 
RequesterHome page
[41m[1m FAIL [22m[49m src/test/RoleSwitcherLocation.test.tsx[2m > 
[22mRoleSwitcher Location[2m > [22mshould NOT be present on 
RunnerFeed page
[31m[1mError[22m: [vitest] No "mockOffers" export is defined on the 
"@/lib/mockData" mock. Did you forget to return it from "vi.mock"?
If you need to partially mock a module, you can use "importOriginal" 
helper inside:
[39m
vi[33m.[39m[34mmock[39m([35mimport[39m([32m"@/lib/mockData"[39m)
[33m,[39m [35masync[39m (importOriginal) [33m=>[39m {
  [35mconst[39m actual [33m=[39m [35mawait[39m 
[34mimportOriginal[39m()
  [35mreturn[39m {
    [33m...[39mactual[33m,[39m
    [90m// your mocked methods[39m
  }
})

[36m [2mΓ¥»[22m AppProvider 
src/contexts/AppContext.tsx:[2m60:49[22m[39m
    [90m 58| [39m  const [userProfile, setUserProfile] = 
useState<UserProfile>(defaultPΓÇª
    [90m 59| [39m  [35mconst[39m [missions[33m,[39m setMissions] 
[33m=[39m useState[33m<[39m[33mMission[39m[][33m>[39m(mockMission
s)[33m;[39m
    [90m 60| [39m  [35mconst[39m [offers[33m,[39m setOffers] 
[33m=[39m 
useState[33m<[39m[33mOffer[39m[][33m>[39m(mockOffers)[33m;[39m
    [90m   | [39m                                                
[31m^[39m
    [90m 61| [39m
    [90m 62| [39m  [35mreturn[39m (
[90m [2mΓ¥»[22m renderWithHooks node_modules/react-dom/cjs/react-dom.d
evelopment.js:[2m15486:18[22m[39m
[90m [2mΓ¥»[22m mountIndeterminateComponent node_modules/react-dom/cjs
/react-dom.development.js:[2m20103:13[22m[39m
[90m [2mΓ¥»[22m beginWork node_modules/react-dom/cjs/react-dom.develop
ment.js:[2m21626:16[22m[39m
[90m [2mΓ¥»[22m beginWork$1 node_modules/react-dom/cjs/react-dom.devel
opment.js:[2m27465:14[22m[39m
[90m [2mΓ¥»[22m performUnitOfWork node_modules/react-dom/cjs/react-dom
.development.js:[2m26599:12[22m[39m
[90m [2mΓ¥»[22m workLoopSync 
node_modules/react-dom/cjs/react-dom.development.js:[2m26505:5[22m[39m
[90m [2mΓ¥»[22m renderRootSync 
node_modules/react-dom/cjs/react-dom.development.js:[2m26473:7[22m[39m

[31m[2mΓÄ»ΓÄ»ΓÄ»ΓÄ»ΓÄ»ΓÄ»ΓÄ»ΓÄ»ΓÄ»ΓÄ»ΓÄ»ΓÄ»ΓÄ»ΓÄ»ΓÄ»ΓÄ»ΓÄ»ΓÄ»ΓÄ»ΓÄ»ΓÄ»Γ
Ä»ΓÄ»ΓÄ»[1/3]ΓÄ»[22m[39m


[2m Test Files [22m [1m[31m1 failed[39m[22m[2m | [22m[1m[32m4 passed[39m[22m[90m (5)[39m
[2m      Tests [22m [1m[31m3 failed[39m[22m[2m | [22m[1m[32m7 passed[39m[22m[90m (10)[39m
[2m   Start at [22m 20:36:13
[2m   Duration [22m 8.07s[2m (transform 790ms, setup 562ms, collect 7.86s, tests 1.89s, environment 3.82s, prepare 918ms)[22m

